[    0.000000] Initializing cgroup subsys cpuset
[    0.000000] Initializing cgroup subsys cpu
[    0.000000] Initializing cgroup subsys cpuacct
[    0.000000] Linux version 4.4.0-171-generic (buildd@lcy01-amd64-014) (gcc version 5.4.0 20160609 (Ubuntu 5.4.0-6ubuntu1~16.04.12) ) #200-Ubuntu SMP Tue Dec 3 11:04:26 UTC 2019 (Ubuntu 4.4.0-171.200-generic 4.4.203)
[    0.000000] KERNEL supported cpus:
[    0.000000]   Intel GenuineIntel
[    0.000000]   AMD AuthenticAMD
[    0.000000]   NSC Geode by NSC
[    0.000000]   Cyrix CyrixInstead
[    0.000000]   Centaur CentaurHauls
[    0.000000]   Transmeta GenuineTMx86
[    0.000000]   Transmeta TransmetaCPU
[    0.000000]   UMC UMC UMC UMC
[    0.000000] x86/fpu: xstate_offset[2]:  576, xstate_sizes[2]:  256
[    0.000000] x86/fpu: Supporting XSAVE feature 0x01: 'x87 floating point registers'
[    0.000000] x86/fpu: Supporting XSAVE feature 0x02: 'SSE registers'
[    0.000000] x86/fpu: Supporting XSAVE feature 0x04: 'AVX registers'
[    0.000000] x86/fpu: Enabled xstate features 0x7, context size is 832 bytes, using 'standard' format.
[    0.000000] e820: BIOS-provided physical RAM map:
[    0.000000] BIOS-e820: [mem 0x0000000000000000-0x000000000009fbff] usable
[    0.000000] BIOS-e820: [mem 0x000000000009fc00-0x000000000009ffff] reserved
[    0.000000] BIOS-e820: [mem 0x00000000000f0000-0x00000000000fffff] reserved
[    0.000000] BIOS-e820: [mem 0x0000000000100000-0x000000003ffeffff] usable
[    0.000000] BIOS-e820: [mem 0x000000003fff0000-0x000000003fffffff] ACPI data
[    0.000000] BIOS-e820: [mem 0x00000000fec00000-0x00000000fec00fff] reserved
[    0.000000] BIOS-e820: [mem 0x00000000fee00000-0x00000000fee00fff] reserved
[    0.000000] BIOS-e820: [mem 0x00000000fffc0000-0x00000000ffffffff] reserved
[    0.000000] NX (Execute Disable) protection: active
[    0.000000] SMBIOS 2.5 present.
[    0.000000] Hypervisor detected: KVM
[    0.000000] e820: last_pfn = 0x3fff0 max_arch_pfn = 0x1000000
[    0.000000] MTRR: Disabled
[    0.000000] x86/PAT: MTRRs disabled, skipping PAT initialization too.
[    0.000000] CPU MTRRs all blank - virtualized system.
[    0.000000] x86/PAT: Configuration [0-7]: WB  WT  UC- UC  WB  WT  UC- UC  
[    0.000000] found SMP MP-table at [mem 0x0009fff0-0x0009ffff] mapped at [c009fff0]
[    0.000000] Scanning 1 areas for low memory corruption
[    0.000000] RAMDISK: [mem 0x363ac000-0x371cdfff]
[    0.000000] ACPI: Early table checksum verification disabled
[    0.000000] ACPI: RSDP 0x00000000000E0000 000024 (v02 VBOX  )
[    0.000000] ACPI: XSDT 0x000000003FFF0030 00003C (v01 VBOX   VBOXXSDT 00000001 ASL  00000061)
[    0.000000] ACPI: FACP 0x000000003FFF00F0 0000F4 (v04 VBOX   VBOXFACP 00000001 ASL  00000061)
[    0.000000] ACPI: DSDT 0x000000003FFF0470 0022EA (v02 VBOX   VBOXBIOS 00000002 INTL 20100528)
[    0.000000] ACPI: FACS 0x000000003FFF0200 000040
[    0.000000] ACPI: FACS 0x000000003FFF0200 000040
[    0.000000] ACPI: APIC 0x000000003FFF0240 00005C (v02 VBOX   VBOXAPIC 00000001 ASL  00000061)
[    0.000000] ACPI: SSDT 0x000000003FFF02A0 0001CC (v01 VBOX   VBOXCPUT 00000002 INTL 20100528)
[    0.000000] 131MB HIGHMEM available.
[    0.000000] 891MB LOWMEM available.
[    0.000000]   mapped low ram: 0 - 37bfe000
[    0.000000]   low ram: 0 - 37bfe000
[    0.000000] kvm-clock: Using msrs 4b564d01 and 4b564d00
[    0.000000] kvm-clock: cpu 0, msr 0:37bfd001, primary cpu clock
[    0.000000] kvm-clock: using sched offset of 3755645297 cycles
[    0.000000] clocksource: kvm-clock: mask: 0xffffffffffffffff max_cycles: 0x1cd42e4dffb, max_idle_ns: 881590591483 ns
[    0.000000] Zone ranges:
[    0.000000]   DMA      [mem 0x0000000000001000-0x0000000000ffffff]
[    0.000000]   Normal   [mem 0x0000000001000000-0x0000000037bfdfff]
[    0.000000]   HighMem  [mem 0x0000000037bfe000-0x000000003ffeffff]
[    0.000000] Movable zone start for each node
[    0.000000] Early memory node ranges
[    0.000000]   node   0: [mem 0x0000000000001000-0x000000000009efff]
[    0.000000]   node   0: [mem 0x0000000000100000-0x000000003ffeffff]
[    0.000000] Initmem setup node 0 [mem 0x0000000000001000-0x000000003ffeffff]
[    0.000000] Using APIC driver default
[    0.000000] ACPI: PM-Timer IO Port: 0x4008
[    0.000000] IOAPIC[0]: apic_id 2, version 32, address 0xfec00000, GSI 0-23
[    0.000000] ACPI: INT_SRC_OVR (bus 0 bus_irq 0 global_irq 2 dfl dfl)
[    0.000000] ACPI: INT_SRC_OVR (bus 0 bus_irq 9 global_irq 9 low level)
[    0.000000] Using ACPI (MADT) for SMP configuration information
[    0.000000] smpboot: Allowing 2 CPUs, 0 hotplug CPUs
[    0.000000] PM: Registered nosave memory: [mem 0x00000000-0x00000fff]
[    0.000000] PM: Registered nosave memory: [mem 0x0009f000-0x0009ffff]
[    0.000000] PM: Registered nosave memory: [mem 0x000a0000-0x000effff]
[    0.000000] PM: Registered nosave memory: [mem 0x000f0000-0x000fffff]
[    0.000000] e820: [mem 0x40000000-0xfebfffff] available for PCI devices
[    0.000000] Booting paravirtualized kernel on KVM
[    0.000000] clocksource: refined-jiffies: mask: 0xffffffff max_cycles: 0xffffffff, max_idle_ns: 7645519600211568 ns
[    0.000000] setup_percpu: NR_CPUS:8 nr_cpumask_bits:8 nr_cpu_ids:2 nr_node_ids:1
[    0.000000] PERCPU: Embedded 18 pages/cpu @f6388000 s43276 r0 d30452 u73728
[    0.000000] Built 1 zonelists in Zone order, mobility grouping on.  Total pages: 259800
[    0.000000] Kernel command line: BOOT_IMAGE=/boot/vmlinuz-4.4.0-171-generic root=LABEL=cloudimg-rootfs ro console=tty1 console=ttyS0
[    0.000000] PID hash table entries: 4096 (order: 2, 16384 bytes)
[    0.000000] Dentry cache hash table entries: 131072 (order: 7, 524288 bytes)
[    0.000000] Inode-cache hash table entries: 65536 (order: 6, 262144 bytes)
[    0.000000] Initializing CPU#0
[    0.000000] Initializing HighMem for node 0 (00037bfe:0003fff0)
[    0.000000] Initializing Movable for node 0 (00000000:00000000)
[    0.000000] Memory: 1008244K/1048120K available (8135K kernel code, 790K rwdata, 3208K rodata, 936K init, 788K bss, 39876K reserved, 0K cma-reserved, 135112K highmem)
[    0.000000] virtual kernel memory layout:
[    0.000000]     fixmap  : 0xfff15000 - 0xfffff000   ( 936 kB)
[    0.000000]     pkmap   : 0xffc00000 - 0xffe00000   (2048 kB)
[    0.000000]     vmalloc : 0xf83fe000 - 0xffbfe000   ( 120 MB)
[    0.000000]     lowmem  : 0xc0000000 - 0xf7bfe000   ( 891 MB)
[    0.000000]       .init : 0xc1bdd000 - 0xc1cc7000   ( 936 kB)
[    0.000000]       .data : 0xc17f2188 - 0xc1bdb980   (4005 kB)
[    0.000000]       .text : 0xc1000000 - 0xc17f2188   (8136 kB)
[    0.000000] Checking if this processor honours the WP bit even in supervisor mode...Ok.
[    0.000000] SLUB: HWalign=64, Order=0-3, MinObjects=0, CPUs=2, Nodes=1
[    0.000000] Hierarchical RCU implementation.
[    0.000000] 	Build-time adjustment of leaf fanout to 32.
[    0.000000] 	RCU restricting CPUs from NR_CPUS=8 to nr_cpu_ids=2.
[    0.000000] RCU: Adjusting geometry for rcu_fanout_leaf=32, nr_cpu_ids=2
[    0.000000] NR_IRQS:2304 nr_irqs:440 16
[    0.000000] Console: colour VGA+ 80x25
[    0.000000] console [tty1] enabled
[    0.000000] console [ttyS0] enabled
[    0.000000] allocated 1048576 bytes of page_ext
[    0.000000] tsc: Detected 1992.002 MHz processor
[    0.246512] Calibrating delay loop (skipped) preset value.. 3984.00 BogoMIPS (lpj=7968008)
[    0.248754] pid_max: default: 32768 minimum: 301
[    0.249998] ACPI: Core revision 20150930
[    0.253290] ACPI: 2 ACPI AML tables successfully acquired and loaded
[    0.255156] Security Framework initialized
[    0.256262] Yama: becoming mindful.
[    0.257253] AppArmor: AppArmor initialized
[    0.258435] Mount-cache hash table entries: 2048 (order: 1, 8192 bytes)
[    0.259997] Mountpoint-cache hash table entries: 2048 (order: 1, 8192 bytes)
[    0.262006] Initializing cgroup subsys io
[    0.263139] Initializing cgroup subsys memory
[    0.264274] Initializing cgroup subsys devices
[    0.265441] Initializing cgroup subsys freezer
[    0.266766] Initializing cgroup subsys net_cls
[    0.267992] Initializing cgroup subsys perf_event
[    0.269343] Initializing cgroup subsys net_prio
[    0.270575] Initializing cgroup subsys hugetlb
[    0.271763] Initializing cgroup subsys pids
[    0.275554] mce: CPU supports 0 MCE banks
[    0.276793] Last level iTLB entries: 4KB 64, 2MB 8, 4MB 8
[    0.278582] Last level dTLB entries: 4KB 64, 2MB 0, 4MB 0, 1GB 4
[    0.280356] Spectre V1 : Mitigation: usercopy/swapgs barriers and __user pointer sanitization
[    0.282822] Spectre V2 : Mitigation: Full generic retpoline
[    0.284408] Spectre V2 : Spectre v2 / SpectreRSB mitigation: Filling RSB on context switch
[    0.287075] Speculative Store Bypass: Vulnerable
[    0.288460] MDS: Mitigation: Clear CPU buffers
[    0.294317] Freeing SMP alternatives memory: 36K
[    0.305144] ftrace: allocating 31588 entries in 62 pages
[    0.388677] smpboot: APIC(0) Converting physical 0 to logical package 0
[    0.390988] smpboot: Max logical packages: 1
[    0.392496] Enabling APIC mode:  Flat.  Using 1 I/O APICs
[    0.396410] ..TIMER: vector=0x30 apic1=0 pin1=2 apic2=-1 pin2=-1
[    0.506362] smpboot: CPU0: Intel(R) Core(TM) i7-8550U CPU @ 1.80GHz (family: 0x6, model: 0x8e, stepping: 0xa)
[    0.510122] Performance Events: unsupported p6 CPU model 142 no PMU driver, software events only.
[    0.524849] KVM setup paravirtual spinlock
[    0.527375] x86: Booting SMP configuration:
[    0.528512] .... node  #0, CPUs:      #1
[1266874885.953906] Initializing CPU#1
[    0.530719] kvm-clock: cpu 1, msr 0:37bfd041, secondary cpu clock
[    0.534914] mce: CPU supports 0 MCE banks
[    0.537868] x86: Booted up 1 node, 2 CPUs
[    0.539321] smpboot: Total of 2 processors activated (7968.00 BogoMIPS)
[    0.541574] devtmpfs: initialized
[    0.543170] evm: security.selinux
[    0.544294] evm: security.SMACK64
[    0.545348] evm: security.SMACK64EXEC
[    0.546546] evm: security.SMACK64TRANSMUTE
[    0.547940] evm: security.SMACK64MMAP
[    0.549282] evm: security.ima
[    0.550255] evm: security.capability
[    0.552019] clocksource: jiffies: mask: 0xffffffff max_cycles: 0xffffffff, max_idle_ns: 7645041785100000 ns
[    0.554638] futex hash table entries: 512 (order: 3, 32768 bytes)
[    0.557093] pinctrl core: initialized pinctrl subsystem
[    0.558593] RTC time:  7:50:17, date: 01/21/20
[    0.560416] NET: Registered protocol family 16
[    0.562113] EISA bus registered
[    0.574410] cpuidle: using governor ladder
[    0.586167] cpuidle: using governor menu
[    0.587400] PCCT header not found.
[    0.588490] ACPI: bus type PCI registered
[    0.589713] acpiphp: ACPI Hot Plug PCI Controller Driver version: 0.5
[    0.591642] PCI : PCI BIOS area is rw and x. Use pci=nobios if you want it NX.
[    0.593605] PCI: PCI BIOS revision 2.10 entry at 0xfda26, last bus=0
[    0.595621] PCI: Using configuration type 1 for base access
[    0.607879] ACPI: Added _OSI(Module Device)
[    0.609084] ACPI: Added _OSI(Processor Device)
[    0.610247] ACPI: Added _OSI(3.0 _SCP Extensions)
[    0.611504] ACPI: Added _OSI(Processor Aggregator Device)
[    0.613703] ACPI: Executed 1 blocks of module-level executable AML code
[    0.618110] ACPI: Interpreter enabled
[    0.619191] ACPI: (supports S0 S5)
[    0.620271] ACPI: Using IOAPIC for interrupt routing
[    0.621793] PCI: Using host bridge windows from ACPI; if necessary, use "pci=nocrs" and report a bug
[    0.643310] ACPI: PCI Root Bridge [PCI0] (domain 0000 [bus 00-ff])
[    0.644934] acpi PNP0A03:00: _OSC: OS supports [ASPM ClockPM Segments MSI]
[    0.647144] acpi PNP0A03:00: _OSC: not requesting OS control; OS requires [ExtendedConfig ASPM ClockPM MSI]
[    0.649730] acpi PNP0A03:00: fail to add MMCONFIG information, can't access extended PCI configuration space under this bridge.
[    0.653519] PCI host bridge to bus 0000:00
[    0.654634] pci_bus 0000:00: root bus resource [io  0x0000-0x0cf7 window]
[    0.656207] pci_bus 0000:00: root bus resource [io  0x0d00-0xffff window]
[    0.657791] pci_bus 0000:00: root bus resource [mem 0x000a0000-0x000bffff window]
[    0.659919] pci_bus 0000:00: root bus resource [mem 0x40000000-0xfdffffff window]
[    0.661913] pci_bus 0000:00: root bus resource [bus 00-ff]
[    0.665613] pci 0000:00:01.1: legacy IDE quirk: reg 0x10: [io  0x01f0-0x01f7]
[    0.667589] pci 0000:00:01.1: legacy IDE quirk: reg 0x14: [io  0x03f6]
[    0.669750] pci 0000:00:01.1: legacy IDE quirk: reg 0x18: [io  0x0170-0x0177]
[    0.672157] pci 0000:00:01.1: legacy IDE quirk: reg 0x1c: [io  0x0376]
[    0.692674] pci 0000:00:07.0: quirk: [io  0x4000-0x403f] claimed by PIIX4 ACPI
[    0.694840] pci 0000:00:07.0: quirk: [io  0x4100-0x410f] claimed by PIIX4 SMB
[    0.703064] ACPI: PCI Interrupt Link [LNKA] (IRQs 5 9 10 *11)
[    0.705543] ACPI: PCI Interrupt Link [LNKB] (IRQs 5 9 *10 11)
[    0.708456] ACPI: PCI Interrupt Link [LNKC] (IRQs 5 *9 10 11)
[    0.710628] ACPI: PCI Interrupt Link [LNKD] (IRQs 5 9 10 *11)
[    0.713585] ACPI: Enabled 2 GPEs in block 00 to 07
[    0.715631] vgaarb: setting as boot device: PCI:0000:00:02.0
[    0.717309] vgaarb: device added: PCI:0000:00:02.0,decodes=io+mem,owns=io+mem,locks=none
[    0.720172] vgaarb: loaded
[    0.721121] vgaarb: bridge control possible 0000:00:02.0
[    0.722932] SCSI subsystem initialized
[    0.724256] ACPI: bus type USB registered
[    0.725466] usbcore: registered new interface driver usbfs
[    0.727091] usbcore: registered new interface driver hub
[    0.728592] usbcore: registered new device driver usb
[    0.730389] PCI: Using ACPI for IRQ routing
[    0.732063] NetLabel: Initializing
[    0.733089] NetLabel:  domain hash size = 128
[    0.734701] NetLabel:  protocols = UNLABELED CIPSOv4
[    0.736605] NetLabel:  unlabeled traffic allowed by default
[    0.738463] amd_nb: Cannot enumerate AMD northbridges
[    0.739983] clocksource: Switched to clocksource kvm-clock
[    0.752837] AppArmor: AppArmor Filesystem Enabled
[    0.754607] pnp: PnP ACPI init
[    0.757004] pnp: PnP ACPI: found 3 devices
[    0.758354] PnPBIOS: Disabled by ACPI PNP
[    0.805253] clocksource: acpi_pm: mask: 0xffffff max_cycles: 0xffffff, max_idle_ns: 2085701024 ns
[    0.807746] NET: Registered protocol family 2
[    0.809158] TCP established hash table entries: 8192 (order: 3, 32768 bytes)
[    0.810941] TCP bind hash table entries: 8192 (order: 4, 65536 bytes)
[    0.812591] TCP: Hash tables configured (established 8192 bind 8192)
[    0.814146] UDP hash table entries: 512 (order: 2, 16384 bytes)
[    0.815877] UDP-Lite hash table entries: 512 (order: 2, 16384 bytes)
[    0.817538] NET: Registered protocol family 1
[    0.818818] pci 0000:00:00.0: Limiting direct PCI/PCI transfers
[    0.820423] pci 0000:00:01.0: Activating ISA DMA hang workarounds
[    0.822100] Unpacking initramfs...
[    1.130310] Freeing initrd memory: 14472K
[    1.131938] clocksource: tsc: mask: 0xffffffffffffffff max_cycles: 0x396d566cf43, max_idle_ns: 881590760263 ns
[    1.135012] platform rtc_cmos: registered platform RTC device (no PNP device found)
[    1.137579] Scanning for low memory corruption every 60 seconds
[    1.139970] audit: initializing netlink subsys (disabled)
[    1.141854] audit: type=2000 audit(1579593023.103:1): initialized
[    1.144229] Initialise system trusted keyring
[    1.146143] HugeTLB registered 2 MB page size, pre-allocated 0 pages
[    1.149589] zbud: loaded
[    1.150756] VFS: Disk quotas dquot_6.6.0
[    1.152500] VFS: Dquot-cache hash table entries: 1024 (order 0, 4096 bytes)
[    1.154916] squashfs: version 4.0 (2009/01/31) Phillip Lougher
[    1.156870] fuse init (API version 7.23)
[    1.158505] Key type big_key registered
[    1.159684] Allocating IMA MOK and blacklist keyrings.
[    1.164880] Key type asymmetric registered
[    1.166080] Asymmetric key parser 'x509' registered
[    1.167412] bounce: pool size: 64 pages
[    1.168669] Block layer SCSI generic (bsg) driver version 0.4 loaded (major 249)
[    1.171537] io scheduler noop registered
[    1.172798] io scheduler deadline registered (default)
[    1.174243] io scheduler cfq registered
[    1.175467] pci_hotplug: PCI Hot Plug PCI Core version: 0.5
[    1.177108] pciehp: PCI Express Hot Plug Controller Driver version: 0.4
[    1.178930] ACPI: AC Adapter [AC] (on-line)
[    1.180202] input: Power Button as /devices/LNXSYSTM:00/LNXPWRBN:00/input/input0
[    1.182384] ACPI: Power Button [PWRF]
[    1.183542] input: Sleep Button as /devices/LNXSYSTM:00/LNXSLPBN:00/input/input1
[    1.185920] ACPI: Sleep Button [SLPF]
[    1.188233] GHES: HEST is not enabled!
[    1.189597] isapnp: Scanning for PnP cards...
[    1.189649] ACPI: Battery Slot [BAT0] (battery present)
[    1.192637] Serial: 8250/16550 driver, 32 ports, IRQ sharing enabled
[    1.215137] 00:02: ttyS0 at I/O 0x3f8 (irq = 4, base_baud = 115200) is a 16550A
[    1.219072] Linux agpgart interface v0.103
[    1.225311] loop: module loaded
[    1.226968] scsi host0: ata_piix
[    1.228329] scsi host1: ata_piix
[    1.229485] ata1: PATA max UDMA/33 cmd 0x1f0 ctl 0x3f6 bmdma 0xd000 irq 14
[    1.231683] ata2: PATA max UDMA/33 cmd 0x170 ctl 0x376 bmdma 0xd008 irq 15
[    1.233847] libphy: Fixed MDIO Bus: probed
[    1.235470] tun: Universal TUN/TAP device driver, 1.6
[    1.237234] tun: (C) 1999-2004 Max Krasnyansky <maxk@qualcomm.com>
[    1.239182] PPP generic driver version 2.4.2
[    1.240941] ehci_hcd: USB 2.0 'Enhanced' Host Controller (EHCI) Driver
[    1.243077] ehci-pci: EHCI PCI platform driver
[    1.244606] ehci-platform: EHCI generic platform driver
[    1.246325] ohci_hcd: USB 1.1 'Open' Host Controller (OHCI) Driver
[    1.248033] ohci-pci: OHCI PCI platform driver
[    1.249380] ohci-platform: OHCI generic platform driver
[    1.250984] uhci_hcd: USB Universal Host Controller Interface driver
[    1.252986] i8042: PNP: PS/2 Controller [PNP0303:PS2K,PNP0f03:PS2M] at 0x60,0x64 irq 1,12
[    1.256132] serio: i8042 KBD port at 0x60,0x64 irq 1
[    1.257620] serio: i8042 AUX port at 0x60,0x64 irq 12
[    1.259201] mousedev: PS/2 mouse device common for all mice
[    1.261222] input: AT Translated Set 2 keyboard as /devices/platform/i8042/serio0/input/input2
[    1.264316] rtc_cmos rtc_cmos: rtc core: registered rtc_cmos as rtc0
[    1.266183] rtc_cmos rtc_cmos: alarms up to one day, 114 bytes nvram
[    1.267911] i2c /dev entries driver
[    1.269572] device-mapper: uevent: version 1.0.3
[    1.270999] device-mapper: ioctl: 4.34.0-ioctl (2015-10-28) initialised: dm-devel@redhat.com
[    1.273662] platform eisa.0: Probing EISA bus 0
[    1.275000] platform eisa.0: EISA: Cannot allocate resource for mainboard
[    1.276911] platform eisa.0: Cannot allocate resource for EISA slot 1
[    1.278947] platform eisa.0: Cannot allocate resource for EISA slot 2
[    1.280911] platform eisa.0: Cannot allocate resource for EISA slot 3
[    1.282816] platform eisa.0: Cannot allocate resource for EISA slot 4
[    1.284607] platform eisa.0: Cannot allocate resource for EISA slot 5
[    1.286377] platform eisa.0: Cannot allocate resource for EISA slot 6
[    1.288280] platform eisa.0: Cannot allocate resource for EISA slot 7
[    1.290988] platform eisa.0: Cannot allocate resource for EISA slot 8
[    1.292854] platform eisa.0: EISA: Detected 0 cards
[    1.294188] cpufreq-nforce2: No nForce2 chipset.
[    1.295858] ledtrig-cpu: registered to indicate activity on CPUs
[    1.299832] NET: Registered protocol family 10
[    1.302320] NET: Registered protocol family 17
[    1.303899] Key type dns_resolver registered
[    1.305585] Using IPI No-Shortcut mode
[    1.307010] registered taskstats version 1
[    1.308656] Loading compiled-in X.509 certificates
[    1.313127] Loaded X.509 cert 'Build time autogenerated kernel key: 336104d0564cf6bdc2b3b7f77691aa6ff682c63a'
[    1.316321] zswap: loaded using pool lzo/zbud
[    1.319713] Key type trusted registered
[    1.324885] Key type encrypted registered
[    1.326673] AppArmor: AppArmor sha1 policy hashing enabled
[    1.328618] ima: No TPM chip found, activating TPM-bypass!
[    1.330067] ima: Allocated hash algorithm: sha1
[    1.331389] evm: HMAC attrs: 0x1
[    1.332754]   Magic number: 4:76:825
[    1.333905] rtc_cmos rtc_cmos: setting system clock to 2020-01-21 07:50:18 UTC (1579593018)
[    1.336923] BIOS EDD facility v0.16 2004-Jun-25, 0 devices found
[    1.338677] EDD information not available.
[    1.561760] isapnp: No Plug & Play device found
[    1.563453] Freeing unused kernel memory: 936K
[    1.576920] Write protecting the kernel text: 8140k
[    1.578272] Write protecting the kernel read-only data: 3212k
[    1.580001] NX-protecting the kernel data: 6196k
Loading, please wait...
starting version 229
[    1.599177] random: systemd-udevd: uninitialized urandom read (16 bytes read, 0 bits of entropy available)
[    1.599777] random: udevadm: uninitialized urandom read (16 bytes read, 0 bits of entropy available)
[    1.605249] random: systemd-udevd: uninitialized urandom read (16 bytes read, 0 bits of entropy available)
[    1.607815] random: systemd-udevd: uninitialized urandom read (16 bytes read, 0 bits of entropy available)
[    1.614122] random: systemd-udevd: uninitialized urandom read (16 bytes read, 0 bits of entropy available)
[    1.616606] random: udevadm: uninitialized urandom read (16 bytes read, 0 bits of entropy available)
[    1.616683] random: udevadm: uninitialized urandom read (16 bytes read, 0 bits of entropy available)
[    1.616871] random: udevadm: uninitialized urandom read (16 bytes read, 0 bits of entropy available)
[    1.616937] random: udevadm: uninitialized urandom read (16 bytes read, 0 bits of entropy available)
[    1.617003] random: udevadm: uninitialized urandom read (16 bytes read, 0 bits of entropy available)
[    1.714576] e1000: Intel(R) PRO/1000 Network Driver - version 7.3.21-k8-NAPI
[    1.716899] e1000: Copyright (c) 1999-2006 Intel Corporation.
[    1.720975] Fusion MPT base driver 3.04.20
[    1.722532] Copyright (c) 1999-2008 LSI Corporation
[    1.762217] Fusion MPT SPI Host driver 3.04.20
[    1.950967] input: ImExPS/2 Generic Explorer Mouse as /devices/platform/i8042/serio1/input/input4
[    2.163673] e1000 0000:00:03.0 eth0: (PCI:33MHz:32-bit) 02:80:7f:0a:94:73
[    2.165484] e1000 0000:00:03.0 eth0: Intel(R) PRO/1000 Network Connection
[    2.169144] e1000 0000:00:03.0 enp0s3: renamed from eth0
[    2.172080] mptbase: ioc0: Initiating bringup
[    2.236897] ioc0: LSI53C1030 A0: Capabilities={Initiator}
[    2.398682] scsi host2: ioc0: LSI53C1030 A0, FwRev=00000000h, Ports=1, MaxQ=256, IRQ=20
[    2.513477] scsi 2:0:0:0: Direct-Access     VBOX     HARDDISK         1.0  PQ: 0 ANSI: 5
[    2.516778] scsi target2:0:0: Beginning Domain Validation
[    2.520928] scsi target2:0:0: Domain Validation skipping write tests
[    2.523304] scsi target2:0:0: Ending Domain Validation
[    2.525052] scsi target2:0:0: asynchronous
[    2.527742] scsi 2:0:1:0: Direct-Access     VBOX     HARDDISK         1.0  PQ: 0 ANSI: 5
[    2.530782] scsi target2:0:1: Beginning Domain Validation
[    2.545572] scsi target2:0:1: Domain Validation skipping write tests
[    2.547638] scsi target2:0:1: Ending Domain Validation
[    2.549713] scsi target2:0:1: asynchronous
[    2.564054] sd 2:0:0:0: Attached scsi generic sg0 type 0
[    2.566356] sd 2:0:0:0: [sda] 20971520 512-byte logical blocks: (10.7 GB/10.0 GiB)
[    2.570347] sd 2:0:1:0: [sdb] 20480 512-byte logical blocks: (10.5 MB/10.0 MiB)
[    2.570551] sd 2:0:0:0: [sda] Write Protect is off
[    2.570753] sd 2:0:0:0: [sda] Incomplete mode parameter data
[    2.570756] sd 2:0:0:0: [sda] Assuming drive cache: write through
[    2.572325]  sda: sda1
[    2.573713] sd 2:0:0:0: [sda] Attached SCSI disk
[    2.576403] sd 2:0:1:0: Attached scsi generic sg1 type 0
[    2.586542] sd 2:0:1:0: [sdb] Write Protect is off
[    2.588735] sd 2:0:1:0: [sdb] Incomplete mode parameter data
[    2.590967] sd 2:0:1:0: [sdb] Assuming drive cache: write through
[    2.599111] sd 2:0:1:0: [sdb] Attached SCSI disk
Begin: Loading essential drivers ... [    4.186069] md: linear personality registered for level -1
[    4.194021] md: multipath personality registered for level -4
[    4.201042] md: raid0 personality registered for level 0
[    4.211248] md: raid1 personality registered for level 1
[    4.288056] raid6: mmxx1    gen()  4670 MB/s
[    4.370135] raid6: mmxx2    gen()  4474 MB/s
[    4.440309] raid6: sse1x1   gen()  2954 MB/s
[    4.508653] raid6: sse1x2   gen()  4165 MB/s
[    4.576019] raid6: sse2x1   gen()  8075 MB/s
[    4.644328] raid6: sse2x1   xor()  5215 MB/s
[    4.712181] raid6: sse2x2   gen()  7219 MB/s
[    4.780050] raid6: sse2x2   xor()  5005 MB/s
[    4.848015] raid6: avx2x1   gen() 11919 MB/s
[    4.916757] raid6: avx2x2   gen() 15184 MB/s
[    4.918328] raid6: using algorithm avx2x2 gen() 15184 MB/s
[    4.919987] raid6: using avx2x1 recovery algorithm
[    4.925810] xor: automatically using best checksumming function:
[    4.964096]    avx       : 19457.000 MB/sec
[    4.970073] async_tx: api initialized (async)
[    5.000643] md: raid6 personality registered for level 6
[    5.003599] md: raid5 personality registered for level 5
[    5.005690] md: raid4 personality registered for level 4
[    5.020130] md: raid10 personality registered for level 10
done.
Begin: Running /scripts/init-premount ... done.
Begin: Mounting root file system ... Begin: Running /scripts/local-top ... done.
Begin: Running /scripts/local-premount ... [    5.081854] Btrfs loaded
Scanning for Btrfs filesystems
done.
Warning: fsck not present, so skipping root file system
[    5.136636] EXT4-fs (sda1): mounted filesystem with ordered data mode. Opts: (null)
done.
Begin: Running /scripts/local-bottom ... done.
Begin: Running /scripts/init-bottom ... done.
[    5.439535] systemd[1]: systemd 229 running in system mode. (+PAM +AUDIT +SELINUX +IMA +APPARMOR +SMACK +SYSVINIT +UTMP +LIBCRYPTSETUP +GCRYPT +GNUTLS +ACL +XZ -LZ4 +SECCOMP +BLKID +ELFUTILS +KMOD -IDN)
[    5.445667] systemd[1]: Detected virtualization oracle.
[    5.447269] systemd[1]: Detected architecture x86.

Welcome to [1mUbuntu 16.04.6 LTS[0m!

[    5.454648] systemd[1]: Set hostname to <ubuntu>.
[    5.464224] systemd[1]: Initializing machine ID from random generator.
[    5.466607] systemd[1]: Installed transient /etc/machine-id file.
[    5.757392] systemd[1]: Listening on udev Kernel Socket.
[[0;32m  OK  [0m] Listening on udev Kernel Socket.
[    5.769257] systemd[1]: Listening on Journal Audit Socket.
[[0;32m  OK  [0m] Listening on Journal Audit Socket.
[    5.773233] systemd[1]: Listening on LVM2 metadata daemon socket.
[[0;32m  OK  [0m] Listening on LVM2 metadata daemon socket.
[    5.784850] systemd[1]: Listening on Journal Socket.
[[0;32m  OK  [0m] Listening on Journal Socket.
[    5.788449] systemd[1]: Set up automount Arbitrary Executable File Formats File System Automount Point.
[[0;32m  OK  [0m] Set up automount Arbitrary Executab...ats File System Automount Point.
[    5.800536] systemd[1]: Listening on /dev/initctl Compatibility Named Pipe.
[[0;32m  OK  [0m] Listening on /dev/initctl Compatibility Named Pipe.
[    5.805340] systemd[1]: Listening on Journal Socket (/dev/log).
[[0;32m  OK  [0m] Listening on Journal Socket (/dev/log).
[    5.809434] systemd[1]: Started Trigger resolvconf update for networkd DNS.
[[0;32m  OK  [0m] Started Trigger resolvconf update for networkd DNS.
[    5.814463] systemd[1]: Created slice User and Session Slice.
[[0;32m  OK  [0m] Created slice User and Session Slice.
[    5.818067] systemd[1]: Listening on Syslog Socket.
[[0;32m  OK  [0m] Listening on Syslog Socket.
[    5.821962] systemd[1]: Started Forward Password Requests to Wall Directory Watch.
[[0;32m  OK  [0m] Started Forward Password Requests to Wall Directory Watch.
[    5.827214] systemd[1]: Created slice System Slice.
[[0;32m  OK  [0m] Created slice System Slice.
[    5.844550] systemd[1]: Starting Journal Service...
         Starting Journal Service...
[    5.848980] systemd[1]: Mounting Huge Pages File System...
         Mounting Huge Pages File System...
[    5.863344] systemd[1]: Starting Load Kernel Modules...
         Starting Load Kernel Modules...
[    5.867768] systemd[1]: Starting Set console keymap...
         Starting Set console keymap...
[    5.874956] systemd[1]: Starting Create list of required static device nodes for the current kernel...
         Starting Create list of required st... nodes for the current kernel...
[    5.881381] systemd[1]: Starting Nameserver information manager...
         Starting Nameserver information manager...
[    5.893163] Loading iSCSI transport class v2.0-870.
[    5.893778] systemd[1]: Mounting Debug File System...
         Mounting Debug File System...
[    5.902385] systemd[1]: Listening on udev Control Socket.
[[0;32m  OK  [0m] Listening on udev Control Socket.
[    5.912356] systemd[1]: Reached target System Time Synchronized.
[[0;32m  OK  [0m] Reached target System Time Synchronized.
[    5.916341] systemd[1]: Created slice system-serial\x2dgetty.slice.
[[0;32m  OK  [0m] Created slice system-serial\x2dgetty.slice.
[    5.942477] iscsi: registered transport (tcp)
[    5.948402] systemd[1]: Mounting POSIX Message Queue File System...
         Mounting POSIX Message Queue File System...
[    5.957206] systemd[1]: Starting Remount Root and Kernel File Systems...
         Starting Remount Root and Kernel File Systems...
[    5.962992] systemd[1]: Reached target Slices.
[[0;32m  OK  [0m] Reached target Slices.
[    5.968201] systemd[1]: Listening on Device-mapper event daemon FIFOs.
[[0;32m  OK  [0m] Listening on Device-mapper event daemon FIFOs.
[    5.972146] EXT4-fs (sda1): re-mounted. Opts: (null)
[    5.978581] systemd[1]: Starting Monitoring of LVM2 mirrors, snapshots etc. using dmeventd or progress polling...
         Starting Monitoring of LVM2 mirrors... dmeventd or progress polling...
[    5.984386] systemd[1]: Reached target Swap.
[[0;32m  OK  [0m] Reached target Swap.
[    5.989911] systemd[1]: Reached target Encrypted Volumes.
[[0;32m  OK  [0m] Reached target Encrypted Volumes.
[    5.994571] systemd[1]: Reached target User and Group Name Lookups.
[[0;32m  OK  [0m] Reached target User and Group Name Lookups.
[    5.998847] systemd[1]: Listening on LVM2 poll daemon socket.
[[0;32m  OK  [0m] Listening on LVM2 poll daemon socket.
[    6.004053] systemd[1]: Starting Uncomplicated firewall...
         Starting Uncomplicated firewall...
[    6.013299] systemd[1]: Mounted Debug File System.
[[0;32m  OK  [0m] Mounted Debug File System.
[    6.017376] systemd[1]: Mounted POSIX Message Queue File System.
[[0;32m  OK  [0m] Mounted POSIX Message Queue File System.
[    6.021315] systemd[1]: Mounted Huge Pages File System.
[[0;32m  OK  [0m] Mounted Huge Pages File System.
[    6.027424] systemd[1]: Started Journal Service.
[[0;32m  OK  [0m] Started Journal Service.
[[0;32m  OK  [0m] Started Create list of required sta...ce nodes for the current kernel.
[[0;32m  OK  [0m] Started Set console keymap.
[[0;32m  OK  [0m] Started Remount Root and Kernel File Systems.
[[0;32m  OK  [0m] Started Uncomplicated firewall.
[[0;32m  OK  [0m] Started Nameserver information manager.
[[0;32m  OK  [0m] Started LVM2 metadata daemon.
         Starting Load/Save Random Seed...
         Starting udev Coldplug all Devices...[    6.090176] random: nonblocking pool is initialized
[    6.093060] iscsi: registered transport (iser)

         Starting Create Static Device Nodes in /dev...
         Starting Flush Journal to Persistent Storage...
[[0;32m  OK  [0m] Started Load Kernel Modules.
[[0;32m  OK  [0m] Started Load/Save Random Seed.
         Mounting FUSE Control File System...
         Starting Apply Kernel Variables...
[[0;32m  OK  [0m] Mounted FUSE Control File System.
[    6.146679] systemd-journald[361]: Received request to flush runtime journal from PID 1
[[0;32m  OK  [0m] Started Flush Journal to Persistent Storage.
[[0;32m  OK  [0m] Started Create Static Device Nodes in /dev.
         Starting udev Kernel Device Manager...
[[0;32m  OK  [0m] Started Apply Kernel Variables.
[[0;32m  OK  [0m] Started udev Coldplug all Devices.
[[0;32m  OK  [0m] Started udev Kernel Device Manager.
[[0;32m  OK  [0m] Started Dispatch Password Requests to Console Directory Watch.
[[0;32m  OK  [0m] Found device /dev/ttyS0.
[[0;32m  OK  [0m] Listening on Load/Save RF Kill Switch Status /dev/rfkill Watch.
[[0;32m  OK  [0m] Started Monitoring of LVM2 mirrors,...ng dmeventd or progress polling.
[[0;32m  OK  [0m] Reached target Local File Systems (Pre).
[[0;32m  OK  [0m] Reached target Local File Systems.
         Starting LSB: AppArmor initialization...
         Starting Initial cloud-init job (pre-networking)...
         Starting Tell Plymouth To Write Out Runtime Data...
         Starting Create Volatile Files and Directories...
         Starting Set console font and keymap...
         Starting Commit a transient machine-id on disk...
[[0;32m  OK  [0m] Started Tell Plymouth To Write Out Runtime Data.
[[0;32m  OK  [0m] Started Create Volatile Files and Directories.
[[0;32m  OK  [0m] Started Commit a transient machine-id on disk.
         Starting Update UTMP about System Boot/Shutdown...
[[0;32m  OK  [0m] Started Update UTMP about System Boot/Shutdown.
[[0;32m  OK  [0m] Started Set console font and keymap.
[[0;32m  OK  [0m] Created slice system-getty.slice.
[    9.596146] cloud-init[593]: Cloud-init v. 19.3-41-gc4735dd3-0ubuntu1~16.04.1 running 'init-local' at Tue, 21 Jan 2020 07:50:26 +0000. Up 8.77 seconds.
[[0;32m  OK  [0m] Started Initial cloud-init job (pre-networking).
[[0;32m  OK  [0m] Reached target Network (Pre).
[[0;32m  OK  [0m] Started LSB: AppArmor initialization.
         Starting Raise network interfaces...
[[0;32m  OK  [0m] Started Raise network interfaces.
[[0;32m  OK  [0m] Reached target Network.
         Starting Initial cloud-init job (metadata service crawler)...
[   12.559573] cloud-init[933]: Cloud-init v. 19.3-41-gc4735dd3-0ubuntu1~16.04.1 running 'init' at Tue, 21 Jan 2020 07:50:28 +0000. Up 11.16 seconds.
[   12.571442] cloud-init[933]: ci-info: ++++++++++++++++++++++++++++++++++++++Net device info++++++++++++++++++++++++++++++++++++++
[   12.575715] cloud-init[933]: ci-info: +--------+------+----------------------------+---------------+--------+-------------------+
[   12.581106] cloud-init[933]: ci-info: | Device |  Up  |          Address           |      Mask     | Scope  |     Hw-Address    |
[   12.584595] cloud-init[933]: ci-info: +--------+------+----------------------------+---------------+--------+-------------------+
[   12.604557] cloud-init[933]: ci-info: | enp0s3 | True |         10.0.2.15          | 255.255.255.0 | global | 02:80:7f:0a:94:73 |
[   12.607633] cloud-init[933]: ci-info: | enp0s3 | True | fe80::80:7fff:fe0a:9473/64 |       .       |  link  | 02:80:7f:0a:94:73 |
[   12.609989] cloud-init[933]: ci-info: |   lo   | True |         127.0.0.1          |   255.0.0.0   |  host  |         .         |
[   12.612725] cloud-init[933]: ci-info: |   lo   | True |          ::1/128           |       .       |  host  |         .         |
[   12.616111] cloud-init[933]: ci-info: +--------+------+----------------------------+---------------+--------+-------------------+
[   12.619210] cloud-init[933]: ci-info: +++++++++++++++++++++++++++Route IPv4 info++++++++++++++++++++++++++++
[   12.621537] cloud-init[933]: ci-info: +-------+-------------+----------+---------------+-----------+-------+
[   12.624453] cloud-init[933]: ci-info: | Route | Destination | Gateway  |    Genmask    | Interface | Flags |
[   12.632781] cloud-init[933]: ci-info: +-------+-------------+----------+---------------+-----------+-------+
[   12.635261] cloud-init[933]: ci-info: |   0   |   0.0.0.0   | 10.0.2.2 |    0.0.0.0    |   enp0s3  |   UG  |
[   12.637594] cloud-init[933]: ci-info: |   1   |   10.0.2.0  | 0.0.0.0  | 255.255.255.0 |   enp0s3  |   U   |
[   12.640195] cloud-init[933]: ci-info: +-------+-------------+----------+---------------+-----------+-------+
[   12.642636] cloud-init[933]: ci-info: +++++++++++++++++++Route IPv6 info+++++++++++++++++++
[   12.644747] cloud-init[933]: ci-info: +-------+-------------+---------+-----------+-------+
[   12.646765] cloud-init[933]: ci-info: | Route | Destination | Gateway | Interface | Flags |
[   12.648811] cloud-init[933]: ci-info: +-------+-------------+---------+-----------+-------+
[   12.651406] cloud-init[933]: ci-info: |   0   |  fe80::/64  |    ::   |   enp0s3  |   U   |
[   12.653830] cloud-init[933]: ci-info: |   3   |   ff00::/8  |    ::   |   enp0s3  |   U   |
[   12.656169] cloud-init[933]: ci-info: +-------+-------------+---------+-----------+-------+
[   12.658573] cloud-init[933]: Generating public/private rsa key pair.
[   12.660726] cloud-init[933]: Your identification has been saved in /etc/ssh/ssh_host_rsa_key.
[   12.663507] cloud-init[933]: Your public key has been saved in /etc/ssh/ssh_host_rsa_key.pub.
[   12.666627] cloud-init[933]: The key fingerprint is:
[   12.668592] cloud-init[933]: SHA256:Tr8oos5O75tssSCnM/7l1zHgJUBv6kn8jNFdDZwB/NE root@ubuntu-xenial
[   12.671430] cloud-init[933]: The key's randomart image is:
[   12.680564] cloud-init[933]: +---[RSA 2048]----+
[   12.683144] cloud-init[933]: |    ..  ..oo+    |
[   12.685267] cloud-init[933]: |     ..  . +oE   |
[   12.687041] cloud-init[933]: |      .o  ....   |
[   12.693320] cloud-init[933]: |    . +o....     |
[   12.701118] cloud-init[933]: |     =..S.       |
[   12.703048] cloud-init[933]: |. o + *+ +       |
[   12.704672] cloud-init[933]: | +.. B oo +      |
[   12.706010] cloud-init[933]: |+o o*... o .     |
[   12.708023] cloud-init[933]: |.**=*+... .      |
[   12.709606] cloud-init[933]: +----[SHA256]-----+
[   12.716786] cloud-init[933]: Generating public/private dsa key pair.
[   12.718870] cloud-init[933]: Your identification has been saved in /etc/ssh/ssh_host_dsa_key.
[   12.721472] cloud-init[933]: Your public key has been saved in /etc/ssh/ssh_host_dsa_key.pub.
[   12.730774] cloud-init[933]: The key fingerprint is:
[   12.732820] cloud-init[933]: SHA256:rdoexul2J0OYrmCybZpxK0EtPfeyqNPiBRCePhCHshE root@ubuntu-xenial
[   12.735442] cloud-init[933]: The key's randomart image is:
[   12.737378] cloud-init[933]: +---[DSA 1024]----+
[   12.739365] cloud-init[933]: |Eo.              |
[   12.739750] cloud-init[933]: |=+.              |
[   12.740583] cloud-init[933]: |+= o             |
[   12.741449] cloud-init[933]: |+.o + .  .       |
[   12.742022] cloud-init[933]: | +.. o .So.      |
[   12.742915] cloud-init[933]: |  o.  ..+o.      |
[   12.743634] cloud-init[933]: |  oo=. +*.       |
[   12.744761] cloud-init[933]: |  +X+o.=o.+ .    |
[   12.745503] cloud-init[933]: | .*Bo o++. +     |
[   12.746014] cloud-init[933]: +----[SHA256]-----+
[   12.746829] cloud-init[933]: Generating public/private ecdsa key pair.
[   12.747505] cloud-init[933]: Your identification has been saved in /etc/ssh/ssh_host_ecdsa_key.
[   12.748350] cloud-init[933]: Your public key has been saved in /etc/ssh/ssh_host_ecdsa_key.pub.
[   12.749282] cloud-init[933]: The key fingerprint is:
[   12.750105] cloud-init[933]: SHA256:EybIvCi1RpWVix9XHn+I0R8lXqwxL1Az2osJJEnUjoE root@ubuntu-xenial
[   12.750623] cloud-init[933]: The key's randomart image is:
[   12.751305] cloud-init[933]: +---[ECDSA 256]---+
[   12.752259] cloud-init[933]: |    .o.=+o.. .=oo|
[   12.752786] cloud-init[933]: |   +..E oo= o++=.|
[   12.753237] cloud-init[933]: |  o +...o*.=.+o* |
[   12.754119] cloud-init[933]: | o o..ooo.+.oo=..|
[   12.754696] cloud-init[933]: |. + .. oS   o... |
[   12.755197] cloud-init[933]: | o    .  .       |
[   12.756009] cloud-init[933]: |                 |
[   12.756812] cloud-init[933]: |                 |
[   12.757329] cloud-init[933]: |                 |
[   12.757985] cloud-init[933]: +----[SHA256]-----+
[   12.758779] cloud-init[933]: Generating public/private ed25519 key pair.
[   12.759504] cloud-init[933]: Your identification has been saved in /etc/ssh/ssh_host_ed25519_key.
[   12.761112] cloud-init[933]: Your public key has been saved in /etc/ssh/ssh_host_ed25519_key.pub.
[   12.761566] cloud-init[933]: The key fingerprint is:
[   12.762142] cloud-init[933]: SHA256:E2ip3tFJcLOkez6H8IQZegxbg5ETkOSUdyEjKzL8kHY root@ubuntu-xenial
[   12.762929] cloud-init[933]: The key's randomart image is:
[   12.763193] cloud-init[933]: +--[ED25519 256]--+
[   12.764029] cloud-init[933]: | .=+=oo.+        |
[   12.764290] cloud-init[933]: |.o+o+=.B o       |
[   12.764500] cloud-init[933]: |+=oEooO +        |
[   12.764990] cloud-init[933]: |oo+  O O o       |
[   12.766279] cloud-init[933]: |   .+ O S        |
[   12.767241] cloud-init[933]: |   . o B o       |
[   12.767944] cloud-init[933]: |    . . = .      |
[   12.768797] cloud-init[933]: |         o       |
[   12.777951] cloud-init[933]: |                 |
[   12.791412] cloud-init[933]: +----[SHA256]-----+
[[0;32m  OK  [0m] Started Initial cloud-init job (metadata service crawler).
[[0;32m  OK  [0m] Reached target Cloud-config availability.
[[0;32m  OK  [0m] Reached target System Initialization.
         Starting Socket activation for snappy daemon.
[[0;32m  OK  [0m] Listening on ACPID Listen Socket.
[[0;32m  OK  [0m] Started Message of the Day.
[[0;32m  OK  [0m] Started Daily apt download activities.
[[0;32m  OK  [0m] Listening on UUID daemon activation socket.
[[0;32m  OK  [0m] Listening on D-Bus System Message Bus Socket.
[[0;32m  OK  [0m] Started ACPI Events Check.
[[0;32m  OK  [0m] Reached target Paths.
         Starting LXD - unix socket.
[[0;32m  OK  [0m] Started Daily Cleanup of Temporary Directories.
[[0;32m  OK  [0m] Started Daily apt upgrade and clean activities.
[[0;32m  OK  [0m] Reached target Timers.
[[0;32m  OK  [0m] Reached target Network is Online.
         Starting iSCSI initiator daemon (iscsid)...
[[0;32m  OK  [0m] Listening on Socket activation for snappy daemon.
[[0;32m  OK  [0m] Listening on LXD - unix socket.
[[0;32m  OK  [0m] Reached target Sockets.
[[0;32m  OK  [0m] Reached target Basic System.
         Starting Login Service...
         Starting System Logging Service...
         Starting Virtualbox guest utils...
[[0;32m  OK  [0m] Started FUSE filesystem for LXC.
         Starting /etc/rc.local Compatibility...
         Starting LSB: MD monitoring daemon...
[[0;32m  OK  [0m] Started ACPI event daemon.
[[0;32m  OK  [0m] Started D-Bus System Message Bus.
[[0;32m  OK  [0m] Started Deferred execution scheduler.
[[0;32m  OK  [0m] Started Regular background program processing daemon.
         Starting Snappy daemon...
         Starting LXD - container startup/shutdown...
         Starting LSB: Record successful boot for GRUB...
         Starting Accounts Service...
         Starting Pollinate to seed the pseudo random number generator...
[[0;32m  OK  [0m] Started System Logging Service.
[[0;32m  OK  [0m] Started /etc/rc.local Compatibility.
[[0;32m  OK  [0m] Started iSCSI initiator daemon (iscsid).
         Starting Login to default iSCSI targets...
[[0;32m  OK  [0m] Started Login Service.
[[0;32m  OK  [0m] Started Unattended Upgrades Shutdown.
[[0;32m  OK  [0m] Started LSB: Record successful boot for GRUB.
[[0;32m  OK  [0m] Started LSB: MD monitoring daemon.
[[0;32m  OK  [0m] Started Login to default iSCSI targets.
[[0;32m  OK  [0m] Reached target Remote File Systems (Pre).
[[0;32m  OK  [0m] Reached target Remote File Systems.
         Starting LSB: Set the CPU Frequency Scaling governor to "ondemand"...
         Starting LSB: automatic crash report generation...
         Starting LSB: daemon to balance interrupts for SMP systems...
         Starting Permit User Sessions...
[[0;32m  OK  [0m] Started Permit User Sessions.
         Starting Terminate Plymouth Boot Screen...
         Starting Hold until boot process finishes up...
[[0;32m  OK  [0m] Started Hold until boot process finishes up.
         Starting Set console scheme...
[[0;32m  OK  [0m] Started Getty on tty1.
[[0;32m  OK  [0m] Started Serial Getty on ttyS0.
[[0;32m  OK  [0m] Reached target Login Prompts.
[[0;32m  OK  [0m] Started Terminate Plymouth Boot Screen.
[[0;32m  OK  [0m] Started Set console scheme.
[[0;32m  OK  [0m] Started LSB: Set the CPU Frequency Scaling governor to "ondemand".
         Starting Authenticate and Authorize Users to Run Privileged Tasks...
[[0;32m  OK  [0m] Started LSB: automatic crash report generation.
[[0;32m  OK  [0m] Started Virtualbox guest utils.
[[0;32m  OK  [0m] Started LSB: daemon to balance interrupts for SMP systems.
[[0;32m  OK  [0m] Started Authenticate and Authorize Users to Run Privileged Tasks.
[[0;32m  OK  [0m] Started Accounts Service.
[[0;32m  OK  [0m] Started LXD - container startup/shutdown.
[[0;32m  OK  [0m] Started Snappy daemon.
         Starting Wait until snapd is fully seeded...
[[0;32m  OK  [0m] Started Pollinate to seed the pseudo random number generator.
         Starting OpenBSD Secure Shell server...
[[0;32m  OK  [0m] Started OpenBSD Secure Shell server.
[[0;32m  OK  [0m] Created slice User Slice of vagrant.
[[0;32m  OK  [0m] Started Session 1 of user vagrant.
         Starting User Manager for UID 1000...
[[0;32m  OK  [0m] Started User Manager for UID 1000.
[[0;32m  OK  [0m] Started Wait until snapd is fully seeded.
         Starting Apply the settings specified in cloud-config...
[[0;32m  OK  [0m] Reached target Multi-User System.
[[0;32m  OK  [0m] Reached target Graphical Interface.
         Starting Update UTMP about System Runlevel Changes...
[[0;32m  OK  [0m] Started Update UTMP about System Runlevel Changes.
[   15.788963] cloud-init[1358]: Generating locales (this might take a while)...
[   17.265326] cloud-init[1358]:   en_US.UTF-8... done
[   17.266631] cloud-init[1358]: Generation complete.
[   17.915050] cloud-init[1358]: Cloud-init v. 19.3-41-gc4735dd3-0ubuntu1~16.04.1 running 'modules:config' at Tue, 21 Jan 2020 07:50:33 +0000. Up 15.54 seconds.
[[0;32m  OK  [0m] Started Apply the settings specified in cloud-config.
         Starting Execute cloud user/final scripts...
ci-info: no authorized ssh keys fingerprints found for user ubuntu.
<14>Jan 21 07:50:36 ec2: 
<14>Jan 21 07:50:36 ec2: #############################################################
<14>Jan 21 07:50:36 ec2: -----BEGIN SSH HOST KEY FINGERPRINTS-----
<14>Jan 21 07:50:36 ec2: 1024 SHA256:rdoexul2J0OYrmCybZpxK0EtPfeyqNPiBRCePhCHshE root@ubuntu-xenial (DSA)
<14>Jan 21 07:50:36 ec2: 256 SHA256:EybIvCi1RpWVix9XHn+I0R8lXqwxL1Az2osJJEnUjoE root@ubuntu-xenial (ECDSA)
<14>Jan 21 07:50:36 ec2: 256 SHA256:E2ip3tFJcLOkez6H8IQZegxbg5ETkOSUdyEjKzL8kHY root@ubuntu-xenial (ED25519)
<14>Jan 21 07:50:36 ec2: 2048 SHA256:Tr8oos5O75tssSCnM/7l1zHgJUBv6kn8jNFdDZwB/NE root@ubuntu-xenial (RSA)
<14>Jan 21 07:50:36 ec2: -----END SSH HOST KEY FINGERPRINTS-----
<14>Jan 21 07:50:36 ec2: #############################################################
-----BEGIN SSH HOST KEY KEYS-----
ecdsa-sha2-nistp256 AAAAE2VjZHNhLXNoYTItbmlzdHAyNTYAAAAIbmlzdHAyNTYAAABBBOO+y6SYEoa0hlJVdwb9Pw6Tblt22wcbi98OP+e5+lr+1/+fXgDiGw0kzrwcEnosNW3CwtyWpVwbKvzomupMZ6g= root@ubuntu-xenial
ssh-ed25519 AAAAC3NzaC1lZDI1NTE5AAAAIAPTWvXMYNZdSPp4qPEgWGvnaHiy+sqxtAmdYRF0B7Zl root@ubuntu-xenial
ssh-rsa AAAAB3NzaC1yc2EAAAADAQABAAABAQCifmOjVa66ZnhxvMkP/86b6fEWuVrd3SuwcmLpIRVwERgbdq0cK9aaCA+em7KRO7ycUOZVdEgkhZEQDOildSgYwFfGHxdw9v0vM2RbIxHJIiNmwSVw7/vaMxRWcG0989sZSwjz3xajXIKw2ZCUz417rf5o/Ea3b7zttjNK4Vne0l7dwvCq2xHFlvQO9pikLzZ94OOy95hNZ6TMhF3CyDrtVCDilQ2Q3xPn9tJf5OdubqW8mIpA0UXDNVwnkoKTawCGiotAx6AhQWdBaeg5yiKvI9gtr5SufsboluhFd9gFf1nY3TrTKHWCOkFUWrli6jqG1xMl0E1wKz2iafCgOhqF root@ubuntu-xenial
-----END SSH HOST KEY KEYS-----
[   18.960240] cloud-init[1537]: Cloud-init v. 19.3-41-gc4735dd3-0ubuntu1~16.04.1 running 'modules:final' at Tue, 21 Jan 2020 07:50:36 +0000. Up 18.66 seconds.
[   18.960720] cloud-init[1537]: ci-info: no authorized ssh keys fingerprints found for user ubuntu.
[   18.961414] cloud-init[1537]: Cloud-init v. 19.3-41-gc4735dd3-0ubuntu1~16.04.1 finished at Tue, 21 Jan 2020 07:50:36 +0000. Datasource DataSourceNoCloud [seed=/dev/sdb][dsmode=net].  Up 18.94 seconds

Ubuntu 16.04.6 LTS ubuntu-xenial ttyS0

ubuntu-xenial login: 